../Core/Src/main.c:81:5:main	8	static
../Core/Src/main.c:132:6:SystemClock_Config	88	static
../Core/Src/main.c:179:13:MX_I2C2_Init	8	static
../Core/Src/main.c:227:13:MX_LPUART1_UART_Init	8	static
../Core/Src/main.c:272:13:MX_DMA_Init	16	static
../Core/Src/main.c:294:13:MX_GPIO_Init	48	static
../Core/Src/main.c:331:6:EEPROMWriteExample	16	static
../Core/Src/main.c:339:6:EEPROMReadExample	24	static
../Core/Src/main.c:347:6:Start	8	static
../Core/Src/main.c:360:6:Play	8	static
../Core/Src/main.c:377:6:Error_Handler	4	static,ignoring_inline_asm
